// Jest Snapshot v1, https://goo.gl/fbAQLP

exports[`components/App should mount? 1`] = `
<Fragment>
  <Memo(GlobalStyleComponent) />
  <Helmet />
  <styled.div>
    <Terminal
      allowTabs={false}
      backgroundColor="black"
      barColor="black"
      closedMessage="Click on the icon to reopen."
      closedTitle="OOPS! You closed the window."
      color="green"
      commandPassThrough={false}
      commands={Object {}}
      descriptions={Object {}}
      hideTopBar={true}
      msg="Welcome to
    __   _                                        _ ____
   / /__(_)__  _________ _____  ____  ____  ___  (_) / /_________  ____ ___
  / // / / _ \\\\/ ___/ __ \`/ __ \\\\/ __ \\\\/ __ \\\\/ _ \\\\/ / / // ___/ __ \\\\/ __ \`__ \\\\
 / , </ /  __/ /  / /_/ / / / / /_/ / / / /  __/ / / // /__/ /_/ / / / / / /
/_/|_/_/\\\\___/_/   \\\\__,_/_/ /_/\\\\____/_/ /_/\\\\___/_/_/_(_)___/\\\\____/_/ /_/ /_/

Type \`help\` to begin'"
      plugins={Array []}
      prompt="green"
      promptSymbol="$ "
      shortcuts={Object {}}
      showActions={false}
      startState="maximised"
      style={Object {}}
      watchConsoleLogging={false}
    />
  </styled.div>
</Fragment>
`;
